[2025-10-02 17:20:22] merlin-logger.DEBUG: The welcome step has been displayed [] []
[2025-10-02 17:20:43] merlin-logger.DEBUG: The license activation step has been displayed [] []
[2025-10-02 17:20:48] merlin-logger.DEBUG: The plugin installation step has been displayed [] []
[2025-10-02 17:21:09] merlin-logger.DEBUG: A plugin with the following data will be processed {"plugin_slug":"case-addons","message":"Installing"} []
[2025-10-02 17:21:19] merlin-logger.DEBUG: A plugin with the following data was processed {"plugin_slug":"case-addons"} []
[2025-10-02 17:21:20] merlin-logger.DEBUG: A plugin with the following data will be processed {"plugin_slug":"contact-form-7","message":"Installing"} []
[2025-10-02 17:21:31] merlin-logger.DEBUG: A plugin with the following data was processed {"plugin_slug":"contact-form-7"} []
[2025-10-02 17:21:31] merlin-logger.DEBUG: A plugin with the following data will be processed {"plugin_slug":"elementor","message":"Installing"} []
[2025-10-02 17:22:06] merlin-logger.DEBUG: A plugin with the following data was processed {"plugin_slug":"elementor"} []
[2025-10-02 17:22:06] merlin-logger.DEBUG: A plugin with the following data will be processed {"plugin_slug":"mailchimp-for-wp","message":"Installing"} []
[2025-10-02 17:22:20] merlin-logger.DEBUG: A plugin with the following data was processed {"plugin_slug":"mailchimp-for-wp"} []
[2025-10-02 17:22:20] merlin-logger.DEBUG: A plugin with the following data will be processed {"plugin_slug":"redux-framework","message":"Installing"} []
[2025-10-02 17:22:41] merlin-logger.DEBUG: A plugin with the following data was processed {"plugin_slug":"redux-framework"} []
[2025-10-02 17:22:41] merlin-logger.DEBUG: A plugin with the following data will be processed {"plugin_slug":"revslider","message":"Installing"} []
[2025-10-02 17:23:23] merlin-logger.DEBUG: A plugin with the following data was processed {"plugin_slug":"revslider"} []
[2025-10-02 17:23:28] merlin-logger.DEBUG: A plugin with the following data was processed {"plugin_slug":"revslider"} []
[2025-10-02 17:23:29] merlin-logger.DEBUG: A plugin with the following data will be processed {"plugin_slug":"woocommerce","message":"Installing"} []
[2025-10-02 17:25:00] merlin-logger.DEBUG: A plugin with the following data was processed {"plugin_slug":"woocommerce"} []
[2025-10-02 17:25:03] merlin-logger.DEBUG: A plugin with the following data will be processed {"plugin_slug":"woo-smart-compare","message":"Installing"} []
[2025-10-02 17:25:25] merlin-logger.DEBUG: A plugin with the following data was processed {"plugin_slug":"woo-smart-compare"} []
[2025-10-02 17:25:26] merlin-logger.DEBUG: A plugin with the following data will be processed {"plugin_slug":"easy-login-woocommerce","message":"Installing"} []
[2025-10-02 17:25:42] merlin-logger.DEBUG: A plugin with the following data was processed {"plugin_slug":"easy-login-woocommerce"} []
[2025-10-02 17:25:43] merlin-logger.DEBUG: A plugin with the following data will be processed {"plugin_slug":"woo-smart-quick-view","message":"Installing"} []
[2025-10-02 17:26:00] merlin-logger.DEBUG: A plugin with the following data was processed {"plugin_slug":"woo-smart-quick-view"} []
[2025-10-02 17:26:02] merlin-logger.DEBUG: A plugin with the following data will be processed {"plugin_slug":"woo-smart-wishlist","message":"Installing"} []
[2025-10-02 17:26:20] merlin-logger.DEBUG: A plugin with the following data was processed {"plugin_slug":"woo-smart-wishlist"} []
[2025-10-02 17:26:28] merlin-logger.DEBUG: The content import step has been displayed [] []
[2025-10-02 17:44:17] merlin-logger.DEBUG: The final step has been displayed [] []
